
> my-project@0.1.0 dev C:\Users\User\Documents\GitHub\BillSync
> next dev

▲ Next.js 16.2.4 (Turbopack)
- Local:         http://localhost:3000
- Network:       http://192.168.56.1:3000
✓ Ready in 2.1s
Creating turbopack project { dir: 'C:\\Users\\User\\Documents\\GitHub\\BillSync', testMode: true }

 GET /billing 200 in 2.9s (next.js: 1901ms, application-code: 1030ms)
 GET / 200 in 1147ms (next.js: 247ms, application-code: 900ms)
 GET /dashboard 200 in 145ms (next.js: 75ms, application-code: 70ms)
 GET /dashboard/timeline 200 in 154ms (next.js: 76ms, application-code: 77ms)
 GET /billing 200 in 79ms (next.js: 26ms, application-code: 53ms)
 GET /invoice 200 in 1164ms (next.js: 1085ms, application-code: 79ms)
 GET /billing 200 in 71ms (next.js: 26ms, application-code: 45ms)
 GET /dashboard/matters 200 in 120ms (next.js: 70ms, application-code: 50ms)
 GET /dashboard/clients 200 in 143ms (next.js: 76ms, application-code: 67ms)
 GET /dashboard/reports 200 in 162ms (next.js: 56ms, application-code: 106ms)
 GET /dashboard/settings 200 in 137ms (next.js: 68ms, application-code: 69ms)
 GET /dashboard 200 in 72ms (next.js: 9ms, application-code: 63ms)
 GET /dashboard/timeline 200 in 62ms (next.js: 7ms, application-code: 55ms)
 GET /dashboard 200 in 44ms (next.js: 5ms, application-code: 39ms)
 GET /dashboard/matters 200 in 61ms (next.js: 6ms, application-code: 55ms)
 GET /billing 200 in 54ms (next.js: 6ms, application-code: 48ms)
 GET /invoice 200 in 47ms (next.js: 6ms, application-code: 41ms)
 GET /dashboard/clients 200 in 45ms (next.js: 5ms, application-code: 41ms)
 GET /dashboard 200 in 49ms (next.js: 4ms, application-code: 45ms)
 GET /billing 200 in 54ms (next.js: 7ms, application-code: 47ms)
 GET /dashboard 200 in 906ms (next.js: 11ms, application-code: 895ms)
 GET /dashboard/timeline 200 in 61ms (next.js: 7ms, application-code: 53ms)
 GET /dashboard 200 in 46ms (next.js: 6ms, application-code: 40ms)
 GET /dashboard/timeline 200 in 56ms (next.js: 7ms, application-code: 49ms)
 GET /billing 200 in 41ms (next.js: 5ms, application-code: 36ms)
 GET /invoice 200 in 45ms (next.js: 6ms, application-code: 39ms)
 GET /dashboard/matters 200 in 50ms (next.js: 6ms, application-code: 44ms)
 GET /billing 200 in 37ms (next.js: 5ms, application-code: 33ms)
 GET /invoice 200 in 36ms (next.js: 5ms, application-code: 31ms)
 GET /invoice 200 in 39ms (next.js: 5ms, application-code: 34ms)
 GET /dashboard/reports 200 in 44ms (next.js: 5ms, application-code: 38ms)
 GET /dashboard/clients 200 in 42ms (next.js: 5ms, application-code: 37ms)
 GET /dashboard/reports 200 in 37ms (next.js: 6ms, application-code: 32ms)
 GET /dashboard/settings 200 in 43ms (next.js: 6ms, application-code: 36ms)
 GET /invoice 200 in 45ms (next.js: 4ms, application-code: 40ms)
 GET /billing 200 in 73ms (next.js: 5ms, application-code: 68ms)
 GET /invoice 200 in 39ms (next.js: 5ms, application-code: 34ms)
 GET /billing 200 in 62ms (next.js: 7ms, application-code: 55ms)
 GET / 200 in 79ms (next.js: 7ms, application-code: 72ms)
 GET / 200 in 23ms (next.js: 8ms, application-code: 15ms)
 GET / 200 in 15ms (next.js: 5ms, application-code: 9ms)
 GET / 200 in 18ms (next.js: 5ms, application-code: 13ms)
 GET / 200 in 16ms (next.js: 5ms, application-code: 12ms)
 GET /dashboard 200 in 54ms (next.js: 8ms, application-code: 46ms)
 GET /dashboard 200 in 477ms (next.js: 17ms, application-code: 460ms)
 GET /dashboard/timeline 200 in 1902ms (next.js: 146ms, application-code: 1757ms)
 GET /dashboard 200 in 75ms (next.js: 12ms, application-code: 63ms)
 GET /dashboard/timeline 200 in 61ms (next.js: 8ms, application-code: 53ms)
 GET /billing 200 in 83ms (next.js: 12ms, application-code: 71ms)
 GET /invoice 200 in 154ms (next.js: 51ms, application-code: 103ms)
 GET /dashboard/matters 200 in 67ms (next.js: 10ms, application-code: 57ms)
 GET /dashboard/clients 200 in 68ms (next.js: 10ms, application-code: 59ms)
 GET /billing 200 in 61ms (next.js: 8ms, application-code: 53ms)
✓ Compiled in 1201ms
 GET /dashboard/clients 200 in 871ms (next.js: 406ms, application-code: 465ms)
 GET /dashboard/clients 200 in 273ms (next.js: 9ms, application-code: 263ms)
 GET /dashboard/clients 200 in 260ms (next.js: 10ms, application-code: 250ms)
 GET /dashboard/clients 200 in 232ms (next.js: 10ms, application-code: 222ms)
 GET /dashboard/clients 200 in 244ms (next.js: 11ms, application-code: 233ms)
 GET /dashboard/clients 200 in 172ms (next.js: 7ms, application-code: 165ms)
 GET /dashboard/clients 200 in 84ms (next.js: 9ms, application-code: 76ms)
✓ Compiled in 1103ms
 GET /dashboard/clients 200 in 558ms (next.js: 278ms, application-code: 280ms)
✓ Compiled in 370ms
 GET /dashboard/clients 200 in 564ms (next.js: 266ms, application-code: 297ms)
✓ Compiled in 2.1s
 GET /dashboard/clients 200 in 701ms (next.js: 274ms, application-code: 427ms)
 GET /dashboard/clients 200 in 260ms (next.js: 31ms, application-code: 228ms)
 GET /dashboard/clients 200 in 114ms (next.js: 11ms, application-code: 103ms)
✓ Compiled in 383ms
 GET /dashboard/clients 200 in 522ms (next.js: 336ms, application-code: 186ms)
✓ Compiled in 524ms
 GET /dashboard/clients 200 in 584ms (next.js: 315ms, application-code: 269ms)
✓ Compiled in 473ms
 GET /dashboard/clients 200 in 682ms (next.js: 403ms, application-code: 279ms)
✓ Compiled in 743ms
 GET /dashboard/clients 200 in 462ms (next.js: 255ms, application-code: 207ms)
✓ Compiled in 1663ms
 GET /dashboard/clients 200 in 789ms (next.js: 307ms, application-code: 482ms)
 GET /dashboard/clients 200 in 169ms (next.js: 16ms, application-code: 153ms)
 GET /dashboard/clients 200 in 144ms (next.js: 19ms, application-code: 124ms)
✓ Compiled in 340ms
 GET /dashboard/clients 200 in 534ms (next.js: 316ms, application-code: 218ms)
✓ Compiled in 376ms
 GET /dashboard/clients 200 in 566ms (next.js: 262ms, application-code: 304ms)
✓ Compiled in 1280ms
 GET /dashboard/clients 200 in 517ms (next.js: 256ms, application-code: 261ms)
 GET /dashboard/clients 200 in 279ms (next.js: 51ms, application-code: 228ms)
 GET /dashboard/clients 200 in 166ms (next.js: 14ms, application-code: 151ms)
✓ Compiled in 499ms
 GET /dashboard/clients 200 in 562ms (next.js: 280ms, application-code: 281ms)
✓ Compiled in 969ms
 GET /dashboard/clients 200 in 595ms (next.js: 318ms, application-code: 277ms)
✓ Compiled in 488ms
 GET /dashboard/clients 200 in 475ms (next.js: 202ms, application-code: 272ms)
✓ Compiled in 2.3s
 GET /dashboard/clients 200 in 535ms (next.js: 254ms, application-code: 281ms)
 GET /dashboard/clients 200 in 221ms (next.js: 21ms, application-code: 200ms)
 GET /dashboard/clients 200 in 89ms (next.js: 10ms, application-code: 78ms)
✓ Compiled in 2.2s
 GET /dashboard/clients 200 in 538ms (next.js: 260ms, application-code: 278ms)
 GET /dashboard/clients 200 in 92ms (next.js: 7ms, application-code: 85ms)
✓ Compiled in 2s
 GET /dashboard/clients 200 in 640ms (next.js: 274ms, application-code: 366ms)
 GET /dashboard/clients 200 in 294ms (next.js: 64ms, application-code: 230ms)
 GET /dashboard/clients 200 in 114ms (next.js: 13ms, application-code: 101ms)
 GET /billing 200 in 563ms (next.js: 321ms, application-code: 242ms)
 GET /dashboard 200 in 400ms (next.js: 231ms, application-code: 169ms)
 GET /dashboard/timeline 200 in 595ms (next.js: 314ms, application-code: 281ms)
 GET /billing 200 in 69ms (next.js: 8ms, application-code: 61ms)
 GET /invoice 200 in 546ms (next.js: 269ms, application-code: 277ms)
 GET /dashboard/matters 200 in 401ms (next.js: 233ms, application-code: 167ms)
 GET /invoice 200 in 61ms (next.js: 7ms, application-code: 54ms)
 GET /dashboard 200 in 992ms (next.js: 7ms, application-code: 985ms)
 GET /dashboard/matters 200 in 102ms (next.js: 11ms, application-code: 90ms)
 GET /dashboard/settings 200 in 484ms (next.js: 261ms, application-code: 223ms)
 GET /invoice 200 in 59ms (next.js: 7ms, application-code: 52ms)
✓ Compiled in 624ms
 GET /invoice 200 in 437ms (next.js: 256ms, application-code: 181ms)
 GET / 200 in 1300ms (next.js: 323ms, application-code: 978ms)
 GET /dashboard 200 in 530ms (next.js: 272ms, application-code: 258ms)
 GET /dashboard/timeline 200 in 146ms (next.js: 32ms, application-code: 114ms)
 GET /dashboard 200 in 59ms (next.js: 6ms, application-code: 52ms)
 GET /dashboard/timeline 200 in 46ms (next.js: 6ms, application-code: 40ms)
 GET /dashboard/timeline 200 in 1163ms (next.js: 14ms, application-code: 1149ms)
 GET /dashboard 200 in 65ms (next.js: 7ms, application-code: 58ms)
 GET /billing 200 in 129ms (next.js: 49ms, application-code: 80ms)
 GET /invoice 200 in 71ms (next.js: 10ms, application-code: 61ms)
 GET / 200 in 121ms (next.js: 9ms, application-code: 112ms)
 GET /login 200 in 3.0s (next.js: 2.9s, application-code: 107ms)
 GET /invoice 200 in 828ms (next.js: 14ms, application-code: 813ms)
[?25h
 ELIFECYCLE  Command failed with exit code 1.
